cargo : warning: method `tape_mut` is never used
At line:1 char:1
+ cargo test --workspace > test.log 2>&1
+ ~~~~~~~~~~~~~~~~~~~~~~~~~~~~~~~~~~~~~~
    + CategoryInfo          : NotSpecified: (warning: met 
   hod `tape_mut` is never used:String) [], RemoteExcept  
  ion
    + FullyQualifiedErrorId : NativeCommandError
 
   --> crates\wasm-bindings\src\lib.rs:480:8
    |
222 | impl AppState {
    | ------------- method in this implementation
...
480 |     fn tape_mut(&mut self) -> &mut Tape {
    |        ^^^^^^^^
    |
    = note: `#[warn(dead_code)]` (part of 
`#[warn(unused)]`) on by default

warning: `wasm-bindings` (lib) generated 1 warning
warning: `wasm-bindings` (lib test) generated 1 warning 
(1 duplicate)
   Compiling hc-tapcalc v2.0.0 
(C:\Users\HeoCop\Downloads\Projects\TapeCalc\src-tauri)
error[E0277]: the `?` operator can only be applied to 
values that implement `Try`
  --> src-tauri\src\commands\conversion.rs:86:5
   |
86 |     fresh_rates.fetch_live()?;
   |     ^^^^^^^^^^^^^^^^^^^^^^^^^ the `?` operator 
cannot be applied to type `impl Future<Output = 
Result<(), std::string::String>>`
   |
   = help: the trait `Try` is not implemented for `impl 
Future<Output = Result<(), std::string::String>>`
note: this implements `Future` and its output type 
supports `?`, but the future cannot be awaited in a 
synchronous function
  --> src-tauri\src\commands\conversion.rs:86:29
   |
82 | / pub fn refresh_rates(
83 | |     state: State<'_, Mutex<AppState>>,
84 | | ) -> Result<String, String> {
   | |___________________________- this is not `async`
85 |       let mut fresh_rates = ExchangeRates::builtin();
86 |       fresh_rates.fetch_live()?;
   |                               ^

For more information about this error, try `rustc 
--explain E0277`.
error: could not compile `hc-tapcalc` (bin "hc-tapcalc" 
test) due to 1 previous error
